<!DOCTYPE html>

    <!--[if lte IE 8]>
    <html class="ie ie8" data-framework="angularjs"><![endif]-->
    <!--[if IE 9]>
    <html class="ie ie9" data-framework="angularjs"><![endif]-->
    <!--[if gt IE 9]><!-->
    <html data-framework="angularjs"><!--<![endif]-->
    <head>
        <link rel="stylesheet" type="text/css" href="styles.css">

        <!--[if lte IE 9]>
        <script src="../../legacy-vendor.js"></script>
        <![endif]-->

        <script src="../../jquery.js"></script>
        <script src="../../vendor.js"></script>

        <script src="../../common/angular.js"></script>
        <script src="../../common/templates.js"></script>

        <script src="angular.js"></script>
        <script src="templates.js"></script>

    </head>
    <body ng-app="test" ng-controller="testController as vm">

    </body>
</html>
